Archive member included because of file (symbol)

c:/winavr-20100110/bin/../lib/gcc/avr/4.3.3/avr5\libgcc.a(_mulsi3.o)
                              ./wmath.o (__mulsi3)
c:/winavr-20100110/bin/../lib/gcc/avr/4.3.3/avr5\libgcc.a(_udivmodqi4.o)
                              ./main.o (__udivmodqi4)
c:/winavr-20100110/bin/../lib/gcc/avr/4.3.3/avr5\libgcc.a(_divmodhi4.o)
                              ./servo.o (__divmodhi4)
c:/winavr-20100110/bin/../lib/gcc/avr/4.3.3/avr5\libgcc.a(_udivmodsi4.o)
                              ./Print.o (__udivmodsi4)
c:/winavr-20100110/bin/../lib/gcc/avr/4.3.3/avr5\libgcc.a(_divmodsi4.o)
                              ./wmath.o (__divmodsi4)
c:/winavr-20100110/bin/../lib/gcc/avr/4.3.3/avr5\libgcc.a(_exit.o)
                              c:/winavr-20100110/bin/../lib/gcc/avr/4.3.3/../../../../avr/lib/avr5/crtm328p.o (exit)
c:/winavr-20100110/bin/../lib/gcc/avr/4.3.3/avr5\libgcc.a(_copy_data.o)
                              ./main.o (__do_copy_data)
c:/winavr-20100110/bin/../lib/gcc/avr/4.3.3/avr5\libgcc.a(_clear_bss.o)
                              ./i2c.o (__do_clear_bss)
c:/winavr-20100110/bin/../lib/gcc/avr/4.3.3/avr5\libgcc.a(_udivmodhi4.o)
                              c:/winavr-20100110/bin/../lib/gcc/avr/4.3.3/avr5\libgcc.a(_divmodhi4.o) (__udivmodhi4)
c:/winavr-20100110/bin/../lib/gcc/avr/4.3.3/../../../../avr/lib/avr5\libc.a(rand.o)
                              ./wmath.o (rand)
c:/winavr-20100110/bin/../lib/gcc/avr/4.3.3/../../../../avr/lib/avr5\libc.a(random.o)
                              ./wmath.o (random)
c:/winavr-20100110/bin/../lib/gcc/avr/4.3.3/../../../../avr/lib/avr5\libc.a(atoi.o)
                              ./main.o (atoi)
c:/winavr-20100110/bin/../lib/gcc/avr/4.3.3/../../../../avr/lib/avr5\libc.a(strtok.o)
                              ./main.o (strtok)
c:/winavr-20100110/bin/../lib/gcc/avr/4.3.3/../../../../avr/lib/avr5\libc.a(strcmp.o)
                              ./main.o (strcmp)
c:/winavr-20100110/bin/../lib/gcc/avr/4.3.3/../../../../avr/lib/avr5\libc.a(strcpy.o)
                              ./main.o (strcpy)
c:/winavr-20100110/bin/../lib/gcc/avr/4.3.3/../../../../avr/lib/avr5\libc.a(strtok_r.o)
                              c:/winavr-20100110/bin/../lib/gcc/avr/4.3.3/../../../../avr/lib/avr5\libc.a(strtok.o) (strtok_r)
c:/winavr-20100110/bin/../lib/gcc/avr/4.3.3/../../../../avr/lib/avr5\libc.a(mul10.o)
                              c:/winavr-20100110/bin/../lib/gcc/avr/4.3.3/../../../../avr/lib/avr5\libc.a(atoi.o) (__mulhi_const_10)
c:/winavr-20100110/bin/../lib/gcc/avr/4.3.3/../../../../avr/lib/avr5\libc.a(sprintf.o)
                              ./main.o (sprintf)
c:/winavr-20100110/bin/../lib/gcc/avr/4.3.3/../../../../avr/lib/avr5\libc.a(sscanf.o)
                              ./main.o (sscanf)
c:/winavr-20100110/bin/../lib/gcc/avr/4.3.3/../../../../avr/lib/avr5\libc.a(vfprintf_std.o)
                              c:/winavr-20100110/bin/../lib/gcc/avr/4.3.3/../../../../avr/lib/avr5\libc.a(sprintf.o) (vfprintf)
c:/winavr-20100110/bin/../lib/gcc/avr/4.3.3/../../../../avr/lib/avr5\libc.a(vfscanf_std.o)
                              c:/winavr-20100110/bin/../lib/gcc/avr/4.3.3/../../../../avr/lib/avr5\libc.a(sscanf.o) (vfscanf)
c:/winavr-20100110/bin/../lib/gcc/avr/4.3.3/../../../../avr/lib/avr5\libc.a(eerd_byte_atmega328p.o)
                              ./main.o (__eerd_byte_m328p)
c:/winavr-20100110/bin/../lib/gcc/avr/4.3.3/../../../../avr/lib/avr5\libc.a(eerd_word_atmega328p.o)
                              ./main.o (__eerd_word_m328p)
c:/winavr-20100110/bin/../lib/gcc/avr/4.3.3/../../../../avr/lib/avr5\libc.a(eewr_byte_atmega328p.o)
                              ./main.o (__eewr_byte_m328p)
c:/winavr-20100110/bin/../lib/gcc/avr/4.3.3/../../../../avr/lib/avr5\libc.a(eewr_word_atmega328p.o)
                              ./main.o (__eewr_word_m328p)
c:/winavr-20100110/bin/../lib/gcc/avr/4.3.3/../../../../avr/lib/avr5\libc.a(isspace.o)
                              c:/winavr-20100110/bin/../lib/gcc/avr/4.3.3/../../../../avr/lib/avr5\libc.a(vfscanf_std.o) (isspace)
c:/winavr-20100110/bin/../lib/gcc/avr/4.3.3/../../../../avr/lib/avr5\libc.a(strchr_P.o)
                              c:/winavr-20100110/bin/../lib/gcc/avr/4.3.3/../../../../avr/lib/avr5\libc.a(vfscanf_std.o) (strchr_P)
c:/winavr-20100110/bin/../lib/gcc/avr/4.3.3/../../../../avr/lib/avr5\libc.a(strnlen_P.o)
                              c:/winavr-20100110/bin/../lib/gcc/avr/4.3.3/../../../../avr/lib/avr5\libc.a(vfprintf_std.o) (strnlen_P)
c:/winavr-20100110/bin/../lib/gcc/avr/4.3.3/../../../../avr/lib/avr5\libc.a(strnlen.o)
                              c:/winavr-20100110/bin/../lib/gcc/avr/4.3.3/../../../../avr/lib/avr5\libc.a(vfprintf_std.o) (strnlen)
c:/winavr-20100110/bin/../lib/gcc/avr/4.3.3/../../../../avr/lib/avr5\libc.a(fgetc.o)
                              c:/winavr-20100110/bin/../lib/gcc/avr/4.3.3/../../../../avr/lib/avr5\libc.a(vfscanf_std.o) (fgetc)
c:/winavr-20100110/bin/../lib/gcc/avr/4.3.3/../../../../avr/lib/avr5\libc.a(fputc.o)
                              c:/winavr-20100110/bin/../lib/gcc/avr/4.3.3/../../../../avr/lib/avr5\libc.a(vfprintf_std.o) (fputc)
c:/winavr-20100110/bin/../lib/gcc/avr/4.3.3/../../../../avr/lib/avr5\libc.a(ungetc.o)
                              c:/winavr-20100110/bin/../lib/gcc/avr/4.3.3/../../../../avr/lib/avr5\libc.a(vfscanf_std.o) (ungetc)
c:/winavr-20100110/bin/../lib/gcc/avr/4.3.3/../../../../avr/lib/avr5\libc.a(ultoa_invert.o)
                              c:/winavr-20100110/bin/../lib/gcc/avr/4.3.3/../../../../avr/lib/avr5\libc.a(vfprintf_std.o) (__ultoa_invert)
c:/winavr-20100110/bin/../lib/gcc/avr/4.3.3/../../../../avr/lib/avr5\libc.a(eerd_block_atmega328p.o)
                              c:/winavr-20100110/bin/../lib/gcc/avr/4.3.3/../../../../avr/lib/avr5\libc.a(eerd_word_atmega328p.o) (__eerd_blraw_m328p)
c:/winavr-20100110/bin/../lib/gcc/avr/4.3.3/../../../../avr/lib/avr5\libc.a(cty_isfalse.o)
                              c:/winavr-20100110/bin/../lib/gcc/avr/4.3.3/../../../../avr/lib/avr5\libc.a(isspace.o) (__ctype_isfalse)
c:/winavr-20100110/bin/../lib/gcc/avr/4.3.3/avr5\libgcc.a(_prologue.o)
                              c:/winavr-20100110/bin/../lib/gcc/avr/4.3.3/../../../../avr/lib/avr5\libc.a(rand.o) (__prologue_saves__)
c:/winavr-20100110/bin/../lib/gcc/avr/4.3.3/avr5\libgcc.a(_epilogue.o)
                              c:/winavr-20100110/bin/../lib/gcc/avr/4.3.3/../../../../avr/lib/avr5\libc.a(rand.o) (__epilogue_restores__)

Allocating common symbols
Common symbol       size              file

inbuf               0x40              ./serial.o
rt_seconds          0x2               ./realtime.o
seq_current         0x10              ./sequencer.o
on_timer_ext1       0x2               ./main.o
rt_function_array   0x6               ./realtime.o
hundreds            0x1               ./realtime.o
on_timer_HP1        0x2               ./main.o
outfifo             0x8               ./serial.o
flicker_timer_HP3   0x2               ./main.o
servo_value         0x18              ./servo.o
rt_timer_array      0x28              ./realtime.o
panel_rc_control    0x6               ./main.o
move_timer_HP1      0x2               ./main.o
test_timer          0x2               ./main.o
servo_rcvalid       0x1               ./servo.o
rt_count2           0x2               ./realtime.o
seq_completion_callback
                    0x2               ./sequencer.o
servo_rcend         0x2               ./servo.o
servo_rcbegin       0x2               ./servo.o
rt_timeout_i2c      0x2               ./i2c.o
servo_pin           0xc               ./servo.o
killbuzz_timer      0x2               ./main.o
flicker_timer_HP1   0x2               ./main.o
infifo              0x8               ./serial.o
move_timer_HP2      0x2               ./main.o
servo_rctimeout     0x1               ./servo.o
servo_port          0x18              ./servo.o
servo_gotpulse      0x1               ./servo.o
seq_goal            0x10              ./sequencer.o
seconds             0x1               ./realtime.o
panel_to_silence    0x8               ./main.o
servo_rctemp        0x2               ./servo.o
outbuf              0xff              ./serial.o
seq_timeout         0x2               ./sequencer.o
on_timer_HP2        0x2               ./main.o
command_buffer      0x40              ./main.o
servo_rcpulse       0x2               ./servo.o
rt_count1           0x2               ./realtime.o
on_timer_HP3        0x2               ./main.o
move_timer_HP3      0x2               ./main.o
minutes             0x1               ./realtime.o
flicker_timer_HP2   0x2               ./main.o
servo_direction     0xc               ./main.o
hours               0x1               ./realtime.o

Memory Configuration

Name             Origin             Length             Attributes
text             0x00000000         0x00020000         xr
data             0x00800060         0x0000ffa0         rw !x
eeprom           0x00810000         0x00010000         rw !x
fuse             0x00820000         0x00000400         rw !x
lock             0x00830000         0x00000400         rw !x
signature        0x00840000         0x00000400         rw !x
*default*        0x00000000         0xffffffff

Linker script and memory map

Address of section .data set to 0x800100
LOAD c:/winavr-20100110/bin/../lib/gcc/avr/4.3.3/../../../../avr/lib/avr5/crtm328p.o
LOAD ./Print.o
LOAD ./fifo.o
LOAD ./i2c.o
LOAD ./main.o
LOAD ./realtime.o
LOAD ./sequencer.o
LOAD ./serial.o
LOAD ./servo.o
LOAD ./suart.o
LOAD ./wmath.o
LOAD c:/winavr-20100110/bin/../lib/gcc/avr/4.3.3/avr5\libgcc.a
LOAD c:/winavr-20100110/bin/../lib/gcc/avr/4.3.3/../../../../avr/lib/avr5\libc.a
LOAD c:/winavr-20100110/bin/../lib/gcc/avr/4.3.3/avr5\libgcc.a

.hash
 *(.hash)

.dynsym
 *(.dynsym)

.dynstr
 *(.dynstr)

.gnu.version
 *(.gnu.version)

.gnu.version_d
 *(.gnu.version_d)

.gnu.version_r
 *(.gnu.version_r)

.rel.init
 *(.rel.init)

.rela.init
 *(.rela.init)

.rel.text
 *(.rel.text)
 *(.rel.text.*)
 *(.rel.gnu.linkonce.t*)

.rela.text
 *(.rela.text)
 *(.rela.text.*)
 *(.rela.gnu.linkonce.t*)

.rel.fini
 *(.rel.fini)

.rela.fini
 *(.rela.fini)

.rel.rodata
 *(.rel.rodata)
 *(.rel.rodata.*)
 *(.rel.gnu.linkonce.r*)

.rela.rodata
 *(.rela.rodata)
 *(.rela.rodata.*)
 *(.rela.gnu.linkonce.r*)

.rel.data
 *(.rel.data)
 *(.rel.data.*)
 *(.rel.gnu.linkonce.d*)

.rela.data
 *(.rela.data)
 *(.rela.data.*)
 *(.rela.gnu.linkonce.d*)

.rel.ctors
 *(.rel.ctors)

.rela.ctors
 *(.rela.ctors)

.rel.dtors
 *(.rel.dtors)

.rela.dtors
 *(.rela.dtors)

.rel.got
 *(.rel.got)

.rela.got
 *(.rela.got)

.rel.bss
 *(.rel.bss)

.rela.bss
 *(.rela.bss)

.rel.plt
 *(.rel.plt)

.rela.plt
 *(.rela.plt)

.text           0x00000000     0x680c
 *(.vectors)
 .vectors       0x00000000       0x68 c:/winavr-20100110/bin/../lib/gcc/avr/4.3.3/../../../../avr/lib/avr5/crtm328p.o
                0x00000000                __vectors
                0x00000000                __vector_default
 *(.vectors)
 *(.progmem.gcc*)
 .progmem.gcc_sw_table
                0x00000068       0x9c ./main.o
 *(.progmem*)
 .progmem.data  0x00000104     0x1c3f ./main.o
                0x00001cbd                strSeqScreamNoPanels
                0x00000fa4                panel_init
                0x000001c4                panel_all_open_no_close
                0x0000198c                strHP3Stop
                0x00001b70                strHP2Flash
                0x0000193e                strHPCmdErr
                0x0000180f                strSuart1OK
                0x00001970                strHP1Stop
                0x000018f9                strAlt1Command
                0x000017b4                strOK
                0x00001d1f                strSeqByeByeWave
                0x00001adf                strHP2TE
                0x0000182c                strSuart2OK
                0x00001a3b                strHP2On
                0x00001bc2                strSeqWave
                0x0000029c                panel_fast_wave
                0x00000104                panel_all_open
                0x00001c54                strSeqQuiet
                0x00001872                strsetupCommand
                0x00001b8e                strAllHPFlash
                0x00001ab5                strHP3RC
                0x00001a53                strHPAllDOn
                0x00001d31                strSeqKnightRider
                0x00001ca9                strSeqExcited
                0x00001c31                strSeqLeia
                0x00001bdb                strSeqOpenCloseWave
                0x0000041c                panel_marching_ants
                0x00001a0a                strHP3Rand
                0x00001ce7                strSeqMarchingAnts
                0x000017d8                strEnterPrompt
                0x00001ba0                strSeqCloseAll
                0x00001bcc                strSeqFastWave
                0x00001cd3                strSeqRythmicPanels
                0x00001882                strPanelCommandIgnored
                0x000017b9                strWelcome
                0x00001c1e                strSeqCantinaDance
                0x000018df                strSoundCommandIgnored
                0x00001b1a                strHP1Flicker
                0x000018b6                strDisplayCommandForwarded
                0x0000189c                strPanelCmdErr
                0x00001a2f                strHP1On
                0x00001a8b                strHPAllDOff
                0x000019fa                strHP2Rand
                0x00001bf0                strSeqCantinaMarchingAnts
                0x000019ad                strHP1Hold
                0x00001ac1                strHPAllRC
                0x00000164                panel_all_open_long
                0x00001c66                strSeqWideAwake
                0x00001d01                strSeqPanelWiggle
                0x000010c4                panel_bye_bye_wave
                0x0000020c                panel_wave
                0x00001bb6                strSeqScream
                0x00001b7f                strHP3Flash
                0x00001a64                strHP1Off
                0x00001aed                strHP3TE
                0x00001c7d                strSeqTopRC
                0x00001b61                strHP1Flash
                0x00001c43                strSeqDisco
                0x00001afb                strHPAllTE
                0x00001ad1                strHP1TE
                0x00001b0d                strExt1On
                0x00001b4d                strAllHPFlicker
                0x00001c0b                strSeqShortCircuit
                0x00001c97                strSeqAwake
                0x000011e4                panel_knight_rider
                0x0000197e                strHP2Stop
                0x0000191a                strAlt2Command
                0x00001a1a                strHPAllDRand
                0x00000fd4                panel_long_disco
                0x0000199a                strHPAllStop
                0x000019ea                strHP1Rand
                0x00001aa9                strHP2RC
                0x00001a9d                strHP1RC
                0x000019c9                strHP3Hold
                0x000010f4                panel_wiggle
                0x00001a47                strHP3On
                0x00001a71                strHP2Off
                0x00001849                strStartCharErr
                0x00001b2b                strHP2Flicker
                0x00000734                panel_dance
                0x00001958                strI2CCmdErr
                0x000019d7                strHPAllDHold
                0x000019bb                strHP2Hold
                0x00001b3c                strHP3Flicker
                0x00001a7e                strHP3Off
                0x0000038c                panel_open_close_wave
 .progmem.data  0x00001d43       0x90 ./suart.o
 .progmem.data  0x00001dd3        0xc c:/winavr-20100110/bin/../lib/gcc/avr/4.3.3/../../../../avr/lib/avr5\libc.a(vfscanf_std.o)
                0x00001de0                . = ALIGN (0x2)
 *fill*         0x00001ddf        0x1 00
                0x00001de0                __trampolines_start = .
 *(.trampolines)
 .trampolines   0x00001de0        0x0 linker stubs
 *(.trampolines*)
                0x00001de0                __trampolines_end = .
 *(.jumptables)
 *(.jumptables*)
 *(.lowtext)
 *(.lowtext*)
                0x00001de0                __ctors_start = .
 *(.ctors)
                0x00001de0                __ctors_end = .
                0x00001de0                __dtors_start = .
 *(.dtors)
                0x00001de0                __dtors_end = .
 SORT(*)(.ctors)
 SORT(*)(.dtors)
 *(.init0)
 .init0         0x00001de0        0x0 c:/winavr-20100110/bin/../lib/gcc/avr/4.3.3/../../../../avr/lib/avr5/crtm328p.o
                0x00001de0                __init
 *(.init0)
 *(.init1)
 *(.init1)
 *(.init2)
 .init2         0x00001de0        0xc c:/winavr-20100110/bin/../lib/gcc/avr/4.3.3/../../../../avr/lib/avr5/crtm328p.o
 *(.init2)
 *(.init3)
 *(.init3)
 *(.init4)
 .init4         0x00001dec       0x16 c:/winavr-20100110/bin/../lib/gcc/avr/4.3.3/avr5\libgcc.a(_copy_data.o)
                0x00001dec                __do_copy_data
 .init4         0x00001e02       0x10 c:/winavr-20100110/bin/../lib/gcc/avr/4.3.3/avr5\libgcc.a(_clear_bss.o)
                0x00001e02                __do_clear_bss
 *(.init4)
 *(.init5)
 *(.init5)
 *(.init6)
 *(.init6)
 *(.init7)
 *(.init7)
 *(.init8)
 *(.init8)
 *(.init9)
 .init9         0x00001e12        0x8 c:/winavr-20100110/bin/../lib/gcc/avr/4.3.3/../../../../avr/lib/avr5/crtm328p.o
 *(.init9)
 *(.text)
 .text          0x00001e1a        0x4 c:/winavr-20100110/bin/../lib/gcc/avr/4.3.3/../../../../avr/lib/avr5/crtm328p.o
                0x00001e1a                __vector_22
                0x00001e1a                __vector_1
                0x00001e1a                __vector_24
                0x00001e1a                __vector_12
                0x00001e1a                __bad_interrupt
                0x00001e1a                __vector_6
                0x00001e1a                __vector_3
                0x00001e1a                __vector_23
                0x00001e1a                __vector_25
                0x00001e1a                __vector_11
                0x00001e1a                __vector_17
                0x00001e1a                __vector_7
                0x00001e1a                __vector_5
                0x00001e1a                __vector_4
                0x00001e1a                __vector_9
                0x00001e1a                __vector_2
                0x00001e1a                __vector_21
                0x00001e1a                __vector_15
                0x00001e1a                __vector_8
                0x00001e1a                __vector_16
                0x00001e1a                __vector_20
 .text          0x00001e1e        0x0 ./Print.o
 .text          0x00001e1e        0x0 ./fifo.o
 .text          0x00001e1e        0x0 ./i2c.o
 .text          0x00001e1e        0x0 ./main.o
 .text          0x00001e1e        0x0 ./realtime.o
 .text          0x00001e1e        0x0 ./sequencer.o
 .text          0x00001e1e        0x0 ./serial.o
 .text          0x00001e1e        0x0 ./servo.o
 .text          0x00001e1e        0x0 ./suart.o
 .text          0x00001e1e        0x0 ./wmath.o
 .text          0x00001e1e        0x0 c:/winavr-20100110/bin/../lib/gcc/avr/4.3.3/avr5\libgcc.a(_mulsi3.o)
 .text          0x00001e1e        0x0 c:/winavr-20100110/bin/../lib/gcc/avr/4.3.3/avr5\libgcc.a(_udivmodqi4.o)
 .text          0x00001e1e        0x0 c:/winavr-20100110/bin/../lib/gcc/avr/4.3.3/avr5\libgcc.a(_divmodhi4.o)
 .text          0x00001e1e        0x0 c:/winavr-20100110/bin/../lib/gcc/avr/4.3.3/avr5\libgcc.a(_udivmodsi4.o)
 .text          0x00001e1e        0x0 c:/winavr-20100110/bin/../lib/gcc/avr/4.3.3/avr5\libgcc.a(_divmodsi4.o)
 .text          0x00001e1e        0x0 c:/winavr-20100110/bin/../lib/gcc/avr/4.3.3/avr5\libgcc.a(_exit.o)
 .text          0x00001e1e        0x0 c:/winavr-20100110/bin/../lib/gcc/avr/4.3.3/avr5\libgcc.a(_copy_data.o)
 .text          0x00001e1e        0x0 c:/winavr-20100110/bin/../lib/gcc/avr/4.3.3/avr5\libgcc.a(_clear_bss.o)
 .text          0x00001e1e        0x0 c:/winavr-20100110/bin/../lib/gcc/avr/4.3.3/avr5\libgcc.a(_udivmodhi4.o)
 .text          0x00001e1e        0x0 c:/winavr-20100110/bin/../lib/gcc/avr/4.3.3/../../../../avr/lib/avr5\libc.a(rand.o)
 .text          0x00001e1e        0x0 c:/winavr-20100110/bin/../lib/gcc/avr/4.3.3/../../../../avr/lib/avr5\libc.a(random.o)
 .text          0x00001e1e        0x0 c:/winavr-20100110/bin/../lib/gcc/avr/4.3.3/../../../../avr/lib/avr5\libc.a(atoi.o)
 .text          0x00001e1e        0x0 c:/winavr-20100110/bin/../lib/gcc/avr/4.3.3/../../../../avr/lib/avr5\libc.a(strtok.o)
 .text          0x00001e1e        0x0 c:/winavr-20100110/bin/../lib/gcc/avr/4.3.3/../../../../avr/lib/avr5\libc.a(strcmp.o)
 .text          0x00001e1e        0x0 c:/winavr-20100110/bin/../lib/gcc/avr/4.3.3/../../../../avr/lib/avr5\libc.a(strcpy.o)
 .text          0x00001e1e        0x0 c:/winavr-20100110/bin/../lib/gcc/avr/4.3.3/../../../../avr/lib/avr5\libc.a(strtok_r.o)
 .text          0x00001e1e        0x0 c:/winavr-20100110/bin/../lib/gcc/avr/4.3.3/../../../../avr/lib/avr5\libc.a(mul10.o)
 .text          0x00001e1e        0x0 c:/winavr-20100110/bin/../lib/gcc/avr/4.3.3/../../../../avr/lib/avr5\libc.a(sprintf.o)
 .text          0x00001e1e        0x0 c:/winavr-20100110/bin/../lib/gcc/avr/4.3.3/../../../../avr/lib/avr5\libc.a(sscanf.o)
 .text          0x00001e1e        0x0 c:/winavr-20100110/bin/../lib/gcc/avr/4.3.3/../../../../avr/lib/avr5\libc.a(vfprintf_std.o)
 .text          0x00001e1e        0x0 c:/winavr-20100110/bin/../lib/gcc/avr/4.3.3/../../../../avr/lib/avr5\libc.a(vfscanf_std.o)
 .text          0x00001e1e        0x0 c:/winavr-20100110/bin/../lib/gcc/avr/4.3.3/../../../../avr/lib/avr5\libc.a(eerd_byte_atmega328p.o)
 .text          0x00001e1e        0x0 c:/winavr-20100110/bin/../lib/gcc/avr/4.3.3/../../../../avr/lib/avr5\libc.a(eerd_word_atmega328p.o)
 .text          0x00001e1e        0x0 c:/winavr-20100110/bin/../lib/gcc/avr/4.3.3/../../../../avr/lib/avr5\libc.a(eewr_byte_atmega328p.o)
 .text          0x00001e1e        0x0 c:/winavr-20100110/bin/../lib/gcc/avr/4.3.3/../../../../avr/lib/avr5\libc.a(eewr_word_atmega328p.o)
 .text          0x00001e1e        0x0 c:/winavr-20100110/bin/../lib/gcc/avr/4.3.3/../../../../avr/lib/avr5\libc.a(isspace.o)
 .text          0x00001e1e        0x0 c:/winavr-20100110/bin/../lib/gcc/avr/4.3.3/../../../../avr/lib/avr5\libc.a(strchr_P.o)
 .text          0x00001e1e        0x0 c:/winavr-20100110/bin/../lib/gcc/avr/4.3.3/../../../../avr/lib/avr5\libc.a(strnlen_P.o)
 .text          0x00001e1e        0x0 c:/winavr-20100110/bin/../lib/gcc/avr/4.3.3/../../../../avr/lib/avr5\libc.a(strnlen.o)
 .text          0x00001e1e        0x0 c:/winavr-20100110/bin/../lib/gcc/avr/4.3.3/../../../../avr/lib/avr5\libc.a(fgetc.o)
 .text          0x00001e1e        0x0 c:/winavr-20100110/bin/../lib/gcc/avr/4.3.3/../../../../avr/lib/avr5\libc.a(fputc.o)
 .text          0x00001e1e        0x0 c:/winavr-20100110/bin/../lib/gcc/avr/4.3.3/../../../../avr/lib/avr5\libc.a(ungetc.o)
 .text          0x00001e1e        0x0 c:/winavr-20100110/bin/../lib/gcc/avr/4.3.3/../../../../avr/lib/avr5\libc.a(ultoa_invert.o)
 .text          0x00001e1e        0x0 c:/winavr-20100110/bin/../lib/gcc/avr/4.3.3/../../../../avr/lib/avr5\libc.a(eerd_block_atmega328p.o)
 .text          0x00001e1e        0x0 c:/winavr-20100110/bin/../lib/gcc/avr/4.3.3/../../../../avr/lib/avr5\libc.a(cty_isfalse.o)
 .text          0x00001e1e        0x0 c:/winavr-20100110/bin/../lib/gcc/avr/4.3.3/avr5\libgcc.a(_prologue.o)
 .text          0x00001e1e        0x0 c:/winavr-20100110/bin/../lib/gcc/avr/4.3.3/avr5\libgcc.a(_epilogue.o)
                0x00001e1e                . = ALIGN (0x2)
 *(.text.*)
 .text.print    0x00001e1e        0x6 ./Print.o
                0x00001e1e                print
 .text.printNumber
                0x00001e24      0x112 ./Print.o
                0x00001e24                printNumber
 .text.printulong
                0x00001f36        0x8 ./Print.o
                0x00001f36                printulong
 .text.printuint
                0x00001f3e       0x12 ./Print.o
                0x00001f3e                printuint
 .text.println  0x00001f50        0xe ./Print.o
                0x00001f50                println
 .text.printlnulong
                0x00001f5e        0xa ./Print.o
                0x00001f5e                printlnulong
 .text.printlnuint
                0x00001f68       0x16 ./Print.o
                0x00001f68                printlnuint
 .text.printbase
                0x00001f7e       0x14 ./Print.o
                0x00001f7e                printbase
 .text.printlnbase
                0x00001f92        0xa ./Print.o
                0x00001f92                printlnbase
 .text.printlong
                0x00001f9c       0x3a ./Print.o
                0x00001f9c                printlong
 .text.printlnlong
                0x00001fd6        0xa ./Print.o
                0x00001fd6                printlnlong
 .text.printint
                0x00001fe0       0x12 ./Print.o
                0x00001fe0                printint
 .text.printlnint
                0x00001ff2       0x16 ./Print.o
                0x00001ff2                printlnint
 .text.printstr_p
                0x00002008       0x1c ./Print.o
                0x00002008                printstr_p
 .text.printlnstr_p
                0x00002024        0xa ./Print.o
                0x00002024                printlnstr_p
 .text.printstr
                0x0000202e       0x1a ./Print.o
                0x0000202e                printstr
 .text.printlnstr
                0x00002048        0xa ./Print.o
                0x00002048                printlnstr
 .text.printchar
                0x00002052        0x6 ./Print.o
                0x00002052                printchar
 .text.printlnchar
                0x00002058        0xa ./Print.o
                0x00002058                printlnchar
 .text.fifo_init
                0x00002062       0x14 ./fifo.o
                0x00002062                fifo_init
 .text.fifo_put
                0x00002076       0x36 ./fifo.o
                0x00002076                fifo_put
 .text.fifo_get_wait
                0x000020ac       0x30 ./fifo.o
                0x000020ac                fifo_get_wait
 .text.fifo_get_nowait
                0x000020dc       0x38 ./fifo.o
                0x000020dc                fifo_get_nowait
 .text.fifo_available
                0x00002114       0x14 ./fifo.o
                0x00002114                fifo_available
 .text.i2c_execCmd
                0x00002128       0x42 ./i2c.o
 .text.i2c_status
                0x0000216a        0x6 ./i2c.o
                0x0000216a                i2c_status
 .text.i2c_close
                0x00002170        0x6 ./i2c.o
                0x00002170                i2c_close
 .text.i2c_stop
                0x00002176       0x44 ./i2c.o
                0x00002176                i2c_stop
 .text.i2c_start
                0x000021ba       0x52 ./i2c.o
                0x000021ba                i2c_start
 .text.i2c_write
                0x0000220c       0x2a ./i2c.o
                0x0000220c                i2c_write
 .text.i2c_read
                0x00002236       0x2e ./i2c.o
                0x00002236                i2c_read
 .text.i2c_send_data
                0x00002264       0x58 ./i2c.o
                0x00002264                i2c_send_data
 .text.i2c_receive_data
                0x000022bc       0xaa ./i2c.o
                0x000022bc                i2c_receive_data
 .text.i2c_init
                0x00002366       0x28 ./i2c.o
                0x00002366                i2c_init
 .text.lightsuart_puts_p
                0x0000238e        0x6 ./main.o
                0x0000238e                lightsuart_puts_p
 .text.lightsuart_puts
                0x00002394        0x6 ./main.o
                0x00002394                lightsuart_puts
 .text.init_jedi
                0x0000239a       0x1c ./main.o
                0x0000239a                init_jedi
 .text.lightsuart_putc
                0x000023b6        0x6 ./main.o
                0x000023b6                lightsuart_putc
 .text.lightsuart_init
                0x000023bc        0xe ./main.o
                0x000023bc                lightsuart_init
 .text.slavesuart_puts_p
                0x000023ca        0x6 ./main.o
                0x000023ca                slavesuart_puts_p
 .text.slavesuart_puts
                0x000023d0        0x6 ./main.o
                0x000023d0                slavesuart_puts
 .text.slavesuart_putc
                0x000023d6        0x6 ./main.o
                0x000023d6                slavesuart_putc
 .text.slavesuart_init
                0x000023dc        0xe ./main.o
                0x000023dc                slavesuart_init
 .text.close_command
                0x000023ea       0x72 ./main.o
                0x000023ea                close_command
 .text.open_command
                0x0000245c       0x2c ./main.o
                0x0000245c                open_command
 .text.all_holo_flash_command
                0x00002488       0x86 ./main.o
                0x00002488                all_holo_flash_command
 .text.holo3_flash_command
                0x0000250e       0x4e ./main.o
                0x0000250e                holo3_flash_command
 .text.holo2_flash_command
                0x0000255c       0x4e ./main.o
                0x0000255c                holo2_flash_command
 .text.holo1_flash_command
                0x000025aa       0x4e ./main.o
                0x000025aa                holo1_flash_command
 .text.all_holo_flicker_command
                0x000025f8       0x70 ./main.o
                0x000025f8                all_holo_flicker_command
 .text.holo3_flicker_command
                0x00002668       0x40 ./main.o
                0x00002668                holo3_flicker_command
 .text.holo2_flicker_command
                0x000026a8       0x40 ./main.o
                0x000026a8                holo2_flicker_command
 .text.holo1_flicker_command
                0x000026e8       0x40 ./main.o
                0x000026e8                holo1_flicker_command
 .text.ext1_on_command
                0x00002728       0x4e ./main.o
                0x00002728                ext1_on_command
 .text.test_command
                0x00002776       0x6c ./main.o
                0x00002776                test_command
 .text.rc_command
                0x000027e2       0xa8 ./main.o
                0x000027e2                rc_command
 .text.off_command
                0x0000288a       0xac ./main.o
                0x0000288a                off_command
 .text.on_command
                0x00002936       0xb4 ./main.o
                0x00002936                on_command
 .text.random_command
                0x000029ea       0x6c ./main.o
                0x000029ea                random_command
 .text.hold_command
                0x00002a56       0xdc ./main.o
                0x00002a56                hold_command
 .text.stop_command
                0x00002b32       0xe2 ./main.o
                0x00002b32                stop_command
 .text.parse_alt2_command
                0x00002c14       0x2a ./main.o
                0x00002c14                parse_alt2_command
 .text.parse_alt1_command
                0x00002c3e       0x2a ./main.o
                0x00002c3e                parse_alt1_command
 .text.parse_sound_command
                0x00002c68       0x12 ./main.o
                0x00002c68                parse_sound_command
 .text.parse_display_command
                0x00002c7a       0x34 ./main.o
                0x00002c7a                parse_display_command
 .text.sequence_command
                0x00002cae      0x3ee ./main.o
                0x00002cae                sequence_command
 .text.holo3OFF
                0x0000309c       0x34 ./main.o
                0x0000309c                holo3OFF
 .text.holo2OFF
                0x000030d0       0x34 ./main.o
                0x000030d0                holo2OFF
 .text.holo1OFF
                0x00003104       0x34 ./main.o
                0x00003104                holo1OFF
 .text.holo3WHITE
                0x00003138       0x36 ./main.o
                0x00003138                holo3WHITE
 .text.holo2WHITE
                0x0000316e       0x36 ./main.o
                0x0000316e                holo2WHITE
 .text.holo1WHITE
                0x000031a4       0x36 ./main.o
                0x000031a4                holo1WHITE
 .text.holo3ON  0x000031da       0x36 ./main.o
                0x000031da                holo3ON
 .text.holo2ON  0x00003210       0x36 ./main.o
                0x00003210                holo2ON
 .text.holo1ON  0x00003246       0x36 ./main.o
                0x00003246                holo1ON
 .text.sendI2C  0x0000327c      0x176 ./main.o
                0x0000327c                sendI2C
 .text.process_command
                0x000033f2      0x262 ./main.o
                0x000033f2                process_command
 .text.parse_hp_command
                0x00003654       0x60 ./main.o
                0x00003654                parse_hp_command
 .text.parse_panel_command
                0x000036b4       0x5c ./main.o
                0x000036b4                parse_panel_command
 .text.append_token
                0x00003710      0x19a ./main.o
                0x00003710                append_token
 .text.parse_i2c_command
                0x000038aa      0x2be ./main.o
                0x000038aa                parse_i2c_command
 .text.build_command
                0x00003b68       0x40 ./main.o
                0x00003b68                build_command
 .text.calc_crc
                0x00003ba8       0x2a ./main.o
                0x00003ba8                calc_crc
 .text.parse_setup_command
                0x00003bd2      0x190 ./main.o
                0x00003bd2                parse_setup_command
 .text.dispatch_command
                0x00003d62       0xb8 ./main.o
                0x00003d62                dispatch_command
 .text.echo     0x00003e1a       0x16 ./main.o
                0x00003e1a                echo
 .text.main     0x00003e30      0x7ba ./main.o
                0x00003e30                main
 .text.rt_add_timer
                0x000045ea       0x32 ./realtime.o
                0x000045ea                rt_add_timer
 .text.rt_remove_timer
                0x0000461c       0x34 ./realtime.o
                0x0000461c                rt_remove_timer
 .text.rt_add_function
                0x00004650       0x4a ./realtime.o
                0x00004650                rt_add_function
 .text.rt_remove_function
                0x0000469a       0x50 ./realtime.o
                0x0000469a                rt_remove_function
 .text.realtime_init
                0x000046ea       0x22 ./realtime.o
                0x000046ea                realtime_init
 .text.__vector_14
                0x0000470c      0x164 ./realtime.o
                0x0000470c                __vector_14
 .text.seq_add_completion_callback
                0x00004870        0xa ./sequencer.o
                0x00004870                seq_add_completion_callback
 .text.seq_remove_completion_callback
                0x0000487a        0xa ./sequencer.o
                0x0000487a                seq_remove_completion_callback
 .text.seq_loadspeed
                0x00004884       0x26 ./sequencer.o
                0x00004884                seq_loadspeed
 .text.seq_setspeed
                0x000048aa       0x16 ./sequencer.o
                0x000048aa                seq_setspeed
 .text.seq_resetspeed
                0x000048c0       0x12 ./sequencer.o
                0x000048c0                seq_resetspeed
 .text.seq_startsequence
                0x000048d2        0xc ./sequencer.o
                0x000048d2                seq_startsequence
 .text.seq_restartsequence
                0x000048de        0x8 ./sequencer.o
                0x000048de                seq_restartsequence
 .text.seq_stopsequence
                0x000048e6       0x1c ./sequencer.o
                0x000048e6                seq_stopsequence
 .text.seq_jumptostep
                0x00004902       0x10 ./sequencer.o
                0x00004902                seq_jumptostep
 .text.seq_setservopos
                0x00004912       0xba ./sequencer.o
                0x00004912                seq_setservopos
 .text.seq_dosequence
                0x000049cc      0x1d4 ./sequencer.o
                0x000049cc                seq_dosequence
 .text.seq_loadsequence
                0x00004ba0       0x52 ./sequencer.o
                0x00004ba0                seq_loadsequence
 .text.seq_init
                0x00004bf2       0x12 ./sequencer.o
                0x00004bf2                seq_init
 .text.serial_enable_rx_interrupt
                0x00004c04        0xc ./serial.o
                0x00004c04                serial_enable_rx_interrupt
 .text.serial_disable_rx_interrupt
                0x00004c10        0xc ./serial.o
                0x00004c10                serial_disable_rx_interrupt
 .text.__vector_18
                0x00004c1c       0x6e ./serial.o
                0x00004c1c                __vector_18
 .text.__vector_19
                0x00004c8a       0x76 ./serial.o
                0x00004c8a                __vector_19
 .text.serial_getc_wait
                0x00004d00        0xa ./serial.o
                0x00004d00                serial_getc_wait
 .text.serial_getc_nowait
                0x00004d0a        0xa ./serial.o
                0x00004d0a                serial_getc_nowait
 .text.serial_getc
                0x00004d14        0xa ./serial.o
                0x00004d14                serial_getc
 .text.serial_tx_complete
                0x00004d1e       0x14 ./serial.o
                0x00004d1e                serial_tx_complete
 .text.serial_available
                0x00004d32        0xa ./serial.o
                0x00004d32                serial_available
 .text.serial_putc
                0x00004d3c       0x16 ./serial.o
                0x00004d3c                serial_putc
 .text.serial_puts_p
                0x00004d52       0x2a ./serial.o
                0x00004d52                serial_puts_p
 .text.serial_puts_nowait
                0x00004d7c       0x34 ./serial.o
                0x00004d7c                serial_puts_nowait
 .text.serial_puts
                0x00004db0       0x3c ./serial.o
                0x00004db0                serial_puts
 .text.serial_init
                0x00004dec       0x78 ./serial.o
                0x00004dec                serial_init
 .text.serial_init_9600b7E1
                0x00004e64       0x10 ./serial.o
                0x00004e64                serial_init_9600b7E1
 .text.serial_init_9600b8N1
                0x00004e74        0xa ./serial.o
                0x00004e74                serial_init_9600b8N1
 .text.servo_start
                0x00004e7e       0x2a ./servo.o
                0x00004e7e                servo_start
 .text.servo_stop
                0x00004ea8       0x46 ./servo.o
                0x00004ea8                servo_stop
 .text.servo_set
                0x00004eee       0x4e ./servo.o
                0x00004eee                servo_set
 .text.servo_read
                0x00004f3c       0x34 ./servo.o
                0x00004f3c                servo_read
 .text.servo_RCread
                0x00004f70       0x56 ./servo.o
                0x00004f70                servo_RCread
 .text.servo_doRCread_init
                0x00004fc6       0x42 ./servo.o
                0x00004fc6                servo_doRCread_init
 .text.servo_init
                0x00005008      0x162 ./servo.o
                0x00005008                servo_init
 .text.servo_doRCread_start
                0x0000516a       0x1c ./servo.o
                0x0000516a                servo_doRCread_start
 .text.servo_doRCread_end
                0x00005186       0x4e ./servo.o
                0x00005186                servo_doRCread_end
 .text.__vector_13
                0x000051d4      0x160 ./servo.o
                0x000051d4                __vector_13
 .text.__vector_10
                0x00005334       0x66 ./servo.o
                0x00005334                __vector_10
 .text.suart_init
                0x0000539a       0xca ./suart.o
                0x0000539a                suart_init
 .text.suart_putc
                0x00005464       0x78 ./suart.o
                0x00005464                suart_putc
 .text.suart_puts
                0x000054dc       0x2a ./suart.o
                0x000054dc                suart_puts
 .text.suart_puts_p
                0x00005506       0x1c ./suart.o
                0x00005506                suart_puts_p
 .text.suart2_init
                0x00005522       0xca ./suart.o
                0x00005522                suart2_init
 .text.suart2_putc
                0x000055ec       0x78 ./suart.o
                0x000055ec                suart2_putc
 .text.suart2_puts
                0x00005664       0x2a ./suart.o
                0x00005664                suart2_puts
 .text.suart2_puts_p
                0x0000568e       0x1c ./suart.o
                0x0000568e                suart2_puts_p
 .text.map32    0x000056aa       0x92 ./wmath.o
                0x000056aa                map32
 .text.map      0x0000573c       0x32 ./wmath.o
                0x0000573c                map
 .text.rand_howbig
                0x0000576e       0x24 ./wmath.o
                0x0000576e                rand_howbig
 .text.rand_howsmall_howbig
                0x00005792       0x22 ./wmath.o
                0x00005792                rand_howsmall_howbig
 .text.randSeed
                0x000057b4        0xa ./wmath.o
                0x000057b4                randSeed
 .text.random_howbig
                0x000057be       0x44 ./wmath.o
                0x000057be                random_howbig
 .text.random_howsmall_howbig
                0x00005802       0x3c ./wmath.o
                0x00005802                random_howsmall_howbig
 .text.randomSeed
                0x0000583e       0x10 ./wmath.o
                0x0000583e                randomSeed
 .text.libgcc   0x0000584e       0x3e c:/winavr-20100110/bin/../lib/gcc/avr/4.3.3/avr5\libgcc.a(_mulsi3.o)
                0x0000584e                __mulsi3
 .text.libgcc   0x0000588c       0x18 c:/winavr-20100110/bin/../lib/gcc/avr/4.3.3/avr5\libgcc.a(_udivmodqi4.o)
                0x0000588c                __udivmodqi4
 .text.libgcc   0x000058a4       0x26 c:/winavr-20100110/bin/../lib/gcc/avr/4.3.3/avr5\libgcc.a(_divmodhi4.o)
                0x000058a4                __divmodhi4
                0x000058a4                _div
 .text.libgcc   0x000058ca       0x44 c:/winavr-20100110/bin/../lib/gcc/avr/4.3.3/avr5\libgcc.a(_udivmodsi4.o)
                0x000058ca                __udivmodsi4
 .text.libgcc   0x0000590e       0x36 c:/winavr-20100110/bin/../lib/gcc/avr/4.3.3/avr5\libgcc.a(_divmodsi4.o)
                0x0000590e                __divmodsi4
 .text.libgcc   0x00005944        0x0 c:/winavr-20100110/bin/../lib/gcc/avr/4.3.3/avr5\libgcc.a(_exit.o)
 .text.libgcc   0x00005944        0x0 c:/winavr-20100110/bin/../lib/gcc/avr/4.3.3/avr5\libgcc.a(_copy_data.o)
 .text.libgcc   0x00005944        0x0 c:/winavr-20100110/bin/../lib/gcc/avr/4.3.3/avr5\libgcc.a(_clear_bss.o)
 .text.libgcc   0x00005944       0x28 c:/winavr-20100110/bin/../lib/gcc/avr/4.3.3/avr5\libgcc.a(_udivmodhi4.o)
                0x00005944                __udivmodhi4
 .text.avr-libc
                0x0000596c       0xc2 c:/winavr-20100110/bin/../lib/gcc/avr/4.3.3/../../../../avr/lib/avr5\libc.a(rand.o)
                0x00005a08                rand_r
                0x00005a0e                rand
                0x00005a18                srand
 .text.avr-libc
                0x00005a2e       0xc2 c:/winavr-20100110/bin/../lib/gcc/avr/4.3.3/../../../../avr/lib/avr5\libc.a(random.o)
                0x00005ad4                random
                0x00005ace                random_r
                0x00005ade                srandom
 .text.avr-libc
                0x00005af0       0x3c c:/winavr-20100110/bin/../lib/gcc/avr/4.3.3/../../../../avr/lib/avr5\libc.a(atoi.o)
                0x00005af0                atoi
 .text.avr-libc
                0x00005b2c        0xa c:/winavr-20100110/bin/../lib/gcc/avr/4.3.3/../../../../avr/lib/avr5\libc.a(strtok.o)
                0x00005b2c                strtok
 .text.avr-libc
                0x00005b36       0x12 c:/winavr-20100110/bin/../lib/gcc/avr/4.3.3/../../../../avr/lib/avr5\libc.a(strcmp.o)
                0x00005b36                strcmp
 .text.avr-libc
                0x00005b48        0xe c:/winavr-20100110/bin/../lib/gcc/avr/4.3.3/../../../../avr/lib/avr5\libc.a(strcpy.o)
                0x00005b48                strcpy
 .text.avr-libc
                0x00005b56       0x4e c:/winavr-20100110/bin/../lib/gcc/avr/4.3.3/../../../../avr/lib/avr5\libc.a(strtok_r.o)
                0x00005b56                strtok_r
 .text.avr-libc
                0x00005ba4       0x10 c:/winavr-20100110/bin/../lib/gcc/avr/4.3.3/../../../../avr/lib/avr5\libc.a(mul10.o)
                0x00005ba4                __mulhi_const_10
 .text.avr-libc
                0x00005bb4       0x48 c:/winavr-20100110/bin/../lib/gcc/avr/4.3.3/../../../../avr/lib/avr5\libc.a(sprintf.o)
                0x00005bb4                sprintf
 .text.avr-libc
                0x00005bfc       0x34 c:/winavr-20100110/bin/../lib/gcc/avr/4.3.3/../../../../avr/lib/avr5\libc.a(sscanf.o)
                0x00005bfc                sscanf
 .text.avr-libc
                0x00005c30      0x3ba c:/winavr-20100110/bin/../lib/gcc/avr/4.3.3/../../../../avr/lib/avr5\libc.a(vfprintf_std.o)
                0x00005c30                vfprintf
 .text.avr-libc
                0x00005fea      0x52a c:/winavr-20100110/bin/../lib/gcc/avr/4.3.3/../../../../avr/lib/avr5\libc.a(vfscanf_std.o)
                0x000062f2                vfscanf
 .text.avr-libc
                0x00006514       0x10 c:/winavr-20100110/bin/../lib/gcc/avr/4.3.3/../../../../avr/lib/avr5\libc.a(eerd_byte_atmega328p.o)
                0x00006514                __eerd_byte_m328p
 .text.avr-libc
                0x00006524        0xc c:/winavr-20100110/bin/../lib/gcc/avr/4.3.3/../../../../avr/lib/avr5\libc.a(eerd_word_atmega328p.o)
                0x00006524                __eerd_word_m328p
 .text.avr-libc
                0x00006530       0x1c c:/winavr-20100110/bin/../lib/gcc/avr/4.3.3/../../../../avr/lib/avr5\libc.a(eewr_byte_atmega328p.o)
                0x00006530                __eewr_byte_m328p
                0x00006532                __eewr_r18_m328p
 .text.avr-libc
                0x0000654c        0xa c:/winavr-20100110/bin/../lib/gcc/avr/4.3.3/../../../../avr/lib/avr5\libc.a(eewr_word_atmega328p.o)
                0x0000654c                __eewr_word_m328p
 .text.avr-libc
                0x00006556       0x10 c:/winavr-20100110/bin/../lib/gcc/avr/4.3.3/../../../../avr/lib/avr5\libc.a(isspace.o)
                0x00006556                isspace
 .text.avr-libc
                0x00006566       0x16 c:/winavr-20100110/bin/../lib/gcc/avr/4.3.3/../../../../avr/lib/avr5\libc.a(strchr_P.o)
                0x00006566                strchr_P
 .text.avr-libc
                0x0000657c       0x16 c:/winavr-20100110/bin/../lib/gcc/avr/4.3.3/../../../../avr/lib/avr5\libc.a(strnlen_P.o)
                0x0000657c                strnlen_P
 .text.avr-libc
                0x00006592       0x16 c:/winavr-20100110/bin/../lib/gcc/avr/4.3.3/../../../../avr/lib/avr5\libc.a(strnlen.o)
                0x00006592                strnlen
 .text.avr-libc
                0x000065a8       0x84 c:/winavr-20100110/bin/../lib/gcc/avr/4.3.3/../../../../avr/lib/avr5\libc.a(fgetc.o)
                0x000065a8                fgetc
 .text.avr-libc
                0x0000662c       0x58 c:/winavr-20100110/bin/../lib/gcc/avr/4.3.3/../../../../avr/lib/avr5\libc.a(fputc.o)
                0x0000662c                fputc
 .text.avr-libc
                0x00006684       0x34 c:/winavr-20100110/bin/../lib/gcc/avr/4.3.3/../../../../avr/lib/avr5\libc.a(ungetc.o)
                0x00006684                ungetc
 .text.avr-libc
                0x000066b8       0xbc c:/winavr-20100110/bin/../lib/gcc/avr/4.3.3/../../../../avr/lib/avr5\libc.a(ultoa_invert.o)
                0x000066b8                __ultoa_invert
 .text.avr-libc
                0x00006774       0x20 c:/winavr-20100110/bin/../lib/gcc/avr/4.3.3/../../../../avr/lib/avr5\libc.a(eerd_block_atmega328p.o)
                0x00006774                __eerd_block_m328p
                0x00006778                __eerd_blraw_m328p
 .text.avr-libc
                0x00006794        0x6 c:/winavr-20100110/bin/../lib/gcc/avr/4.3.3/../../../../avr/lib/avr5\libc.a(cty_isfalse.o)
                0x00006798                __ctype_istrue
                0x00006794                __ctype_isfalse
 .text.libgcc   0x0000679a       0x38 c:/winavr-20100110/bin/../lib/gcc/avr/4.3.3/avr5\libgcc.a(_prologue.o)
                0x0000679a                __prologue_saves__
 .text.libgcc   0x000067d2       0x36 c:/winavr-20100110/bin/../lib/gcc/avr/4.3.3/avr5\libgcc.a(_epilogue.o)
                0x000067d2                __epilogue_restores__
                0x00006808                . = ALIGN (0x2)
 *(.fini9)
 .fini9         0x00006808        0x0 c:/winavr-20100110/bin/../lib/gcc/avr/4.3.3/avr5\libgcc.a(_exit.o)
                0x00006808                exit
                0x00006808                _exit
 *(.fini9)
 *(.fini8)
 *(.fini8)
 *(.fini7)
 *(.fini7)
 *(.fini6)
 *(.fini6)
 *(.fini5)
 *(.fini5)
 *(.fini4)
 *(.fini4)
 *(.fini3)
 *(.fini3)
 *(.fini2)
 *(.fini2)
 *(.fini1)
 *(.fini1)
 *(.fini0)
 .fini0         0x00006808        0x4 c:/winavr-20100110/bin/../lib/gcc/avr/4.3.3/avr5\libgcc.a(_exit.o)
 *(.fini0)
                0x0000680c                _etext = .

.data           0x00800100      0x29c load address 0x0000680c
                0x00800100                PROVIDE (__data_start, .)
 *(.data)
 .data          0x00800100        0x0 c:/winavr-20100110/bin/../lib/gcc/avr/4.3.3/../../../../avr/lib/avr5/crtm328p.o
 .data          0x00800100        0x0 ./Print.o
 .data          0x00800100        0x0 ./fifo.o
 .data          0x00800100        0x0 ./i2c.o
 .data          0x00800100      0x23d ./main.o
 .data          0x0080033d        0x0 ./realtime.o
 .data          0x0080033d        0x0 ./sequencer.o
 .data          0x0080033d        0x0 ./serial.o
 .data          0x0080033d        0x0 ./servo.o
 .data          0x0080033d        0x0 ./suart.o
 .data          0x0080033d        0x0 ./wmath.o
 .data          0x0080033d        0x0 c:/winavr-20100110/bin/../lib/gcc/avr/4.3.3/avr5\libgcc.a(_mulsi3.o)
 .data          0x0080033d        0x0 c:/winavr-20100110/bin/../lib/gcc/avr/4.3.3/avr5\libgcc.a(_udivmodqi4.o)
 .data          0x0080033d        0x0 c:/winavr-20100110/bin/../lib/gcc/avr/4.3.3/avr5\libgcc.a(_divmodhi4.o)
 .data          0x0080033d        0x0 c:/winavr-20100110/bin/../lib/gcc/avr/4.3.3/avr5\libgcc.a(_udivmodsi4.o)
 .data          0x0080033d        0x0 c:/winavr-20100110/bin/../lib/gcc/avr/4.3.3/avr5\libgcc.a(_divmodsi4.o)
 .data          0x0080033d        0x0 c:/winavr-20100110/bin/../lib/gcc/avr/4.3.3/avr5\libgcc.a(_exit.o)
 .data          0x0080033d        0x0 c:/winavr-20100110/bin/../lib/gcc/avr/4.3.3/avr5\libgcc.a(_copy_data.o)
 .data          0x0080033d        0x0 c:/winavr-20100110/bin/../lib/gcc/avr/4.3.3/avr5\libgcc.a(_clear_bss.o)
 .data          0x0080033d        0x0 c:/winavr-20100110/bin/../lib/gcc/avr/4.3.3/avr5\libgcc.a(_udivmodhi4.o)
 .data          0x0080033d        0x4 c:/winavr-20100110/bin/../lib/gcc/avr/4.3.3/../../../../avr/lib/avr5\libc.a(rand.o)
 .data          0x00800341        0x4 c:/winavr-20100110/bin/../lib/gcc/avr/4.3.3/../../../../avr/lib/avr5\libc.a(random.o)
 .data          0x00800345        0x0 c:/winavr-20100110/bin/../lib/gcc/avr/4.3.3/../../../../avr/lib/avr5\libc.a(atoi.o)
 .data          0x00800345        0x0 c:/winavr-20100110/bin/../lib/gcc/avr/4.3.3/../../../../avr/lib/avr5\libc.a(strtok.o)
 .data          0x00800345        0x0 c:/winavr-20100110/bin/../lib/gcc/avr/4.3.3/../../../../avr/lib/avr5\libc.a(strcmp.o)
 .data          0x00800345        0x0 c:/winavr-20100110/bin/../lib/gcc/avr/4.3.3/../../../../avr/lib/avr5\libc.a(strcpy.o)
 .data          0x00800345        0x0 c:/winavr-20100110/bin/../lib/gcc/avr/4.3.3/../../../../avr/lib/avr5\libc.a(strtok_r.o)
 .data          0x00800345        0x0 c:/winavr-20100110/bin/../lib/gcc/avr/4.3.3/../../../../avr/lib/avr5\libc.a(mul10.o)
 .data          0x00800345        0x0 c:/winavr-20100110/bin/../lib/gcc/avr/4.3.3/../../../../avr/lib/avr5\libc.a(sprintf.o)
 .data          0x00800345        0x0 c:/winavr-20100110/bin/../lib/gcc/avr/4.3.3/../../../../avr/lib/avr5\libc.a(sscanf.o)
 .data          0x00800345        0x0 c:/winavr-20100110/bin/../lib/gcc/avr/4.3.3/../../../../avr/lib/avr5\libc.a(vfprintf_std.o)
 .data          0x00800345        0x0 c:/winavr-20100110/bin/../lib/gcc/avr/4.3.3/../../../../avr/lib/avr5\libc.a(vfscanf_std.o)
 .data          0x00800345        0x0 c:/winavr-20100110/bin/../lib/gcc/avr/4.3.3/../../../../avr/lib/avr5\libc.a(eerd_byte_atmega328p.o)
 .data          0x00800345        0x0 c:/winavr-20100110/bin/../lib/gcc/avr/4.3.3/../../../../avr/lib/avr5\libc.a(eerd_word_atmega328p.o)
 .data          0x00800345        0x0 c:/winavr-20100110/bin/../lib/gcc/avr/4.3.3/../../../../avr/lib/avr5\libc.a(eewr_byte_atmega328p.o)
 .data          0x00800345        0x0 c:/winavr-20100110/bin/../lib/gcc/avr/4.3.3/../../../../avr/lib/avr5\libc.a(eewr_word_atmega328p.o)
 .data          0x00800345        0x0 c:/winavr-20100110/bin/../lib/gcc/avr/4.3.3/../../../../avr/lib/avr5\libc.a(isspace.o)
 .data          0x00800345        0x0 c:/winavr-20100110/bin/../lib/gcc/avr/4.3.3/../../../../avr/lib/avr5\libc.a(strchr_P.o)
 .data          0x00800345        0x0 c:/winavr-20100110/bin/../lib/gcc/avr/4.3.3/../../../../avr/lib/avr5\libc.a(strnlen_P.o)
 .data          0x00800345        0x0 c:/winavr-20100110/bin/../lib/gcc/avr/4.3.3/../../../../avr/lib/avr5\libc.a(strnlen.o)
 .data          0x00800345        0x0 c:/winavr-20100110/bin/../lib/gcc/avr/4.3.3/../../../../avr/lib/avr5\libc.a(fgetc.o)
 .data          0x00800345        0x0 c:/winavr-20100110/bin/../lib/gcc/avr/4.3.3/../../../../avr/lib/avr5\libc.a(fputc.o)
 .data          0x00800345        0x0 c:/winavr-20100110/bin/../lib/gcc/avr/4.3.3/../../../../avr/lib/avr5\libc.a(ungetc.o)
 .data          0x00800345        0x0 c:/winavr-20100110/bin/../lib/gcc/avr/4.3.3/../../../../avr/lib/avr5\libc.a(ultoa_invert.o)
 .data          0x00800345        0x0 c:/winavr-20100110/bin/../lib/gcc/avr/4.3.3/../../../../avr/lib/avr5\libc.a(eerd_block_atmega328p.o)
 .data          0x00800345        0x0 c:/winavr-20100110/bin/../lib/gcc/avr/4.3.3/../../../../avr/lib/avr5\libc.a(cty_isfalse.o)
 .data          0x00800345        0x0 c:/winavr-20100110/bin/../lib/gcc/avr/4.3.3/avr5\libgcc.a(_prologue.o)
 .data          0x00800345        0x0 c:/winavr-20100110/bin/../lib/gcc/avr/4.3.3/avr5\libgcc.a(_epilogue.o)
 *(.data*)
 .data.panel_medium_speed
                0x00800345       0x18 ./main.o
                0x00800345                panel_medium_speed
 .data.panel_slow_speed
                0x0080035d       0x18 ./main.o
                0x0080035d                panel_slow_speed
 .data.panel_super_slow_speed
                0x00800375       0x18 ./main.o
                0x00800375                panel_super_slow_speed
 .data.last_servo_addr
                0x0080038d        0x2 ./main.o
                0x0080038d                last_servo_addr
 .data.stored_crc_addr
                0x0080038f        0x2 ./main.o
                0x0080038f                stored_crc_addr
 .data.ext1cmd  0x00800391        0x2 ./main.o
                0x00800391                ext1cmd
 .data.ext1_cmd_val
                0x00800393        0x2 ./main.o
                0x00800393                ext1_cmd_val
 .data.errormessageon
                0x00800395        0x1 ./main.o
                0x00800395                errormessageon
 .data.feedbackmessageon
                0x00800396        0x1 ./main.o
                0x00800396                feedbackmessageon
 .data.holo1state
                0x00800397        0x1 ./main.o
                0x00800397                holo1state
 .data.holo2state
                0x00800398        0x1 ./main.o
                0x00800398                holo2state
 .data.holo3state
                0x00800399        0x1 ./main.o
                0x00800399                holo3state
 *(.rodata)
 *(.rodata*)
 .rodata.XMIT_START_ADJUSTMENT
                0x0080039a        0x2 ./suart.o
                0x0080039a                XMIT_START_ADJUSTMENT
 *(.gnu.linkonce.d*)
                0x0080039c                . = ALIGN (0x2)
                0x0080039c                _edata = .
                0x0080039c                PROVIDE (__data_end, .)

.bss            0x0080039c      0x2b9
                0x0080039c                PROVIDE (__bss_start, .)
 *(.bss)
 .bss           0x0080039c        0x0 c:/winavr-20100110/bin/../lib/gcc/avr/4.3.3/../../../../avr/lib/avr5/crtm328p.o
 .bss           0x0080039c        0x0 ./Print.o
 .bss           0x0080039c        0x0 ./fifo.o
 .bss           0x0080039c        0x0 ./i2c.o
 .bss           0x0080039c        0x0 ./main.o
 .bss           0x0080039c        0x0 ./realtime.o
 .bss           0x0080039c        0x0 ./sequencer.o
 .bss           0x0080039c        0x0 ./serial.o
 .bss           0x0080039c        0x0 ./servo.o
 .bss           0x0080039c        0x0 ./suart.o
 .bss           0x0080039c        0x0 ./wmath.o
 .bss           0x0080039c        0x0 c:/winavr-20100110/bin/../lib/gcc/avr/4.3.3/avr5\libgcc.a(_mulsi3.o)
 .bss           0x0080039c        0x0 c:/winavr-20100110/bin/../lib/gcc/avr/4.3.3/avr5\libgcc.a(_udivmodqi4.o)
 .bss           0x0080039c        0x0 c:/winavr-20100110/bin/../lib/gcc/avr/4.3.3/avr5\libgcc.a(_divmodhi4.o)
 .bss           0x0080039c        0x0 c:/winavr-20100110/bin/../lib/gcc/avr/4.3.3/avr5\libgcc.a(_udivmodsi4.o)
 .bss           0x0080039c        0x0 c:/winavr-20100110/bin/../lib/gcc/avr/4.3.3/avr5\libgcc.a(_divmodsi4.o)
 .bss           0x0080039c        0x0 c:/winavr-20100110/bin/../lib/gcc/avr/4.3.3/avr5\libgcc.a(_exit.o)
 .bss           0x0080039c        0x0 c:/winavr-20100110/bin/../lib/gcc/avr/4.3.3/avr5\libgcc.a(_copy_data.o)
 .bss           0x0080039c        0x0 c:/winavr-20100110/bin/../lib/gcc/avr/4.3.3/avr5\libgcc.a(_clear_bss.o)
 .bss           0x0080039c        0x0 c:/winavr-20100110/bin/../lib/gcc/avr/4.3.3/avr5\libgcc.a(_udivmodhi4.o)
 .bss           0x0080039c        0x0 c:/winavr-20100110/bin/../lib/gcc/avr/4.3.3/../../../../avr/lib/avr5\libc.a(rand.o)
 .bss           0x0080039c        0x0 c:/winavr-20100110/bin/../lib/gcc/avr/4.3.3/../../../../avr/lib/avr5\libc.a(random.o)
 .bss           0x0080039c        0x0 c:/winavr-20100110/bin/../lib/gcc/avr/4.3.3/../../../../avr/lib/avr5\libc.a(atoi.o)
 .bss           0x0080039c        0x2 c:/winavr-20100110/bin/../lib/gcc/avr/4.3.3/../../../../avr/lib/avr5\libc.a(strtok.o)
 .bss           0x0080039e        0x0 c:/winavr-20100110/bin/../lib/gcc/avr/4.3.3/../../../../avr/lib/avr5\libc.a(strcmp.o)
 .bss           0x0080039e        0x0 c:/winavr-20100110/bin/../lib/gcc/avr/4.3.3/../../../../avr/lib/avr5\libc.a(strcpy.o)
 .bss           0x0080039e        0x0 c:/winavr-20100110/bin/../lib/gcc/avr/4.3.3/../../../../avr/lib/avr5\libc.a(strtok_r.o)
 .bss           0x0080039e        0x0 c:/winavr-20100110/bin/../lib/gcc/avr/4.3.3/../../../../avr/lib/avr5\libc.a(mul10.o)
 .bss           0x0080039e        0x0 c:/winavr-20100110/bin/../lib/gcc/avr/4.3.3/../../../../avr/lib/avr5\libc.a(sprintf.o)
 .bss           0x0080039e        0x0 c:/winavr-20100110/bin/../lib/gcc/avr/4.3.3/../../../../avr/lib/avr5\libc.a(sscanf.o)
 .bss           0x0080039e        0x0 c:/winavr-20100110/bin/../lib/gcc/avr/4.3.3/../../../../avr/lib/avr5\libc.a(vfprintf_std.o)
 .bss           0x0080039e        0x0 c:/winavr-20100110/bin/../lib/gcc/avr/4.3.3/../../../../avr/lib/avr5\libc.a(vfscanf_std.o)
 .bss           0x0080039e        0x0 c:/winavr-20100110/bin/../lib/gcc/avr/4.3.3/../../../../avr/lib/avr5\libc.a(eerd_byte_atmega328p.o)
 .bss           0x0080039e        0x0 c:/winavr-20100110/bin/../lib/gcc/avr/4.3.3/../../../../avr/lib/avr5\libc.a(eerd_word_atmega328p.o)
 .bss           0x0080039e        0x0 c:/winavr-20100110/bin/../lib/gcc/avr/4.3.3/../../../../avr/lib/avr5\libc.a(eewr_byte_atmega328p.o)
 .bss           0x0080039e        0x0 c:/winavr-20100110/bin/../lib/gcc/avr/4.3.3/../../../../avr/lib/avr5\libc.a(eewr_word_atmega328p.o)
 .bss           0x0080039e        0x0 c:/winavr-20100110/bin/../lib/gcc/avr/4.3.3/../../../../avr/lib/avr5\libc.a(isspace.o)
 .bss           0x0080039e        0x0 c:/winavr-20100110/bin/../lib/gcc/avr/4.3.3/../../../../avr/lib/avr5\libc.a(strchr_P.o)
 .bss           0x0080039e        0x0 c:/winavr-20100110/bin/../lib/gcc/avr/4.3.3/../../../../avr/lib/avr5\libc.a(strnlen_P.o)
 .bss           0x0080039e        0x0 c:/winavr-20100110/bin/../lib/gcc/avr/4.3.3/../../../../avr/lib/avr5\libc.a(strnlen.o)
 .bss           0x0080039e        0x0 c:/winavr-20100110/bin/../lib/gcc/avr/4.3.3/../../../../avr/lib/avr5\libc.a(fgetc.o)
 .bss           0x0080039e        0x0 c:/winavr-20100110/bin/../lib/gcc/avr/4.3.3/../../../../avr/lib/avr5\libc.a(fputc.o)
 .bss           0x0080039e        0x0 c:/winavr-20100110/bin/../lib/gcc/avr/4.3.3/../../../../avr/lib/avr5\libc.a(ungetc.o)
 .bss           0x0080039e        0x0 c:/winavr-20100110/bin/../lib/gcc/avr/4.3.3/../../../../avr/lib/avr5\libc.a(ultoa_invert.o)
 .bss           0x0080039e        0x0 c:/winavr-20100110/bin/../lib/gcc/avr/4.3.3/../../../../avr/lib/avr5\libc.a(eerd_block_atmega328p.o)
 .bss           0x0080039e        0x0 c:/winavr-20100110/bin/../lib/gcc/avr/4.3.3/../../../../avr/lib/avr5\libc.a(cty_isfalse.o)
 .bss           0x0080039e        0x0 c:/winavr-20100110/bin/../lib/gcc/avr/4.3.3/avr5\libgcc.a(_prologue.o)
 .bss           0x0080039e        0x0 c:/winavr-20100110/bin/../lib/gcc/avr/4.3.3/avr5\libgcc.a(_epilogue.o)
 *(.bss*)
 .bss.i2c_status_
                0x0080039e        0x1 ./i2c.o
 .bss.panel_fast_speed
                0x0080039f       0x18 ./main.o
                0x0080039f                panel_fast_speed
 .bss.servo_eeprom_addr
                0x008003b7        0x2 ./main.o
                0x008003b7                servo_eeprom_addr
 .bss.ext1_command_args
                0x008003b9        0x1 ./main.o
                0x008003b9                ext1_command_args
 .bss.hp3_light_control
                0x008003ba        0x1 ./main.o
 .bss.hp2_light_control
                0x008003bb        0x1 ./main.o
 .bss.hp1_light_control
                0x008003bc        0x1 ./main.o
 .bss.ext1_control
                0x008003bd        0x1 ./main.o
 .bss.hp1_control
                0x008003be        0x1 ./main.o
 .bss.hp2_control
                0x008003bf        0x1 ./main.o
 .bss.hp3_control
                0x008003c0        0x1 ./main.o
 .bss.pos.2314  0x008003c1        0x1 ./main.o
 .bss.b.2121    0x008003c2        0x2 ./main.o
 .bss.a.2120    0x008003c4        0x2 ./main.o
 .bss.step.2119
                0x008003c6        0x1 ./main.o
 .bss.counter_phase.1329
                0x008003c7        0x1 ./realtime.o
 .bss.countseconds.1328
                0x008003c8        0x1 ./realtime.o
 .bss.servo_speed
                0x008003c9       0x10 ./sequencer.o
 .bss.sequence_step
                0x008003d9        0x1 ./sequencer.o
 .bss.sequence_started
                0x008003da        0x1 ./sequencer.o
 .bss.sequence_array
                0x008003db        0x2 ./sequencer.o
 .bss.sequence_length
                0x008003dd        0x1 ./sequencer.o
 .bss.current_servo
                0x008003de        0x1 ./servo.o
 .bss._rx_delay_centering
                0x008003df        0x2 ./suart.o
 .bss._rx_delay_intrabit
                0x008003e1        0x2 ./suart.o
 .bss._rx_delay_stopbit
                0x008003e3        0x2 ./suart.o
 .bss._tx_delay
                0x008003e5        0x2 ./suart.o
 .bss._rx2_delay_centering
                0x008003e7        0x2 ./suart.o
 .bss._rx2_delay_intrabit
                0x008003e9        0x2 ./suart.o
 .bss._rx2_delay_stopbit
                0x008003eb        0x2 ./suart.o
 .bss._tx2_delay
                0x008003ed        0x2 ./suart.o
 *(COMMON)
 COMMON         0x008003ef        0x2 ./i2c.o
                0x008003ef                rt_timeout_i2c
 COMMON         0x008003f1       0x72 ./main.o
                0x008003f1                on_timer_ext1
                0x008003f3                on_timer_HP1
                0x008003f5                flicker_timer_HP3
                0x008003f7                panel_rc_control
                0x008003fd                move_timer_HP1
                0x008003ff                test_timer
                0x00800401                killbuzz_timer
                0x00800403                flicker_timer_HP1
                0x00800405                move_timer_HP2
                0x00800407                panel_to_silence
                0x0080040f                on_timer_HP2
                0x00800411                command_buffer
                0x00800451                on_timer_HP3
                0x00800453                move_timer_HP3
                0x00800455                flicker_timer_HP2
                0x00800457                servo_direction
 COMMON         0x00800463       0x38 ./realtime.o
                0x00800463                rt_seconds
                0x00800465                rt_function_array
                0x0080046b                hundreds
                0x0080046c                rt_timer_array
                0x00800494                rt_count2
                0x00800496                seconds
                0x00800497                rt_count1
                0x00800499                minutes
                0x0080049a                hours
 COMMON         0x0080049b       0x24 ./sequencer.o
                0x0080049b                seq_current
                0x008004ab                seq_completion_callback
                0x008004ad                seq_goal
                0x008004bd                seq_timeout
 COMMON         0x008004bf      0x14f ./serial.o
                0x008004bf                inbuf
                0x008004ff                outfifo
                0x00800507                infifo
                0x0080050f                outbuf
 COMMON         0x0080060e       0x47 ./servo.o
                0x0080060e                servo_value
                0x00800626                servo_rcvalid
                0x00800627                servo_rcend
                0x00800629                servo_rcbegin
                0x0080062b                servo_pin
                0x00800637                servo_rctimeout
                0x00800638                servo_port
                0x00800650                servo_gotpulse
                0x00800651                servo_rctemp
                0x00800653                servo_rcpulse
                0x00800655                PROVIDE (__bss_end, .)
                0x0000680c                __data_load_start = LOADADDR (.data)
                0x00006aa8                __data_load_end = (__data_load_start + SIZEOF (.data))

.noinit         0x00800655        0x0
                0x00800655                PROVIDE (__noinit_start, .)
 *(.noinit*)
                0x00800655                PROVIDE (__noinit_end, .)
                0x00800655                _end = .
                0x00800655                PROVIDE (__heap_start, .)

.eeprom         0x00810000        0x0
 *(.eeprom*)
                0x00810000                __eeprom_end = .

.fuse
 *(.fuse)
 *(.lfuse)
 *(.hfuse)
 *(.efuse)

.lock
 *(.lock*)

.signature
 *(.signature*)

.stab
 *(.stab)

.stabstr
 *(.stabstr)

.stab.excl
 *(.stab.excl)

.stab.exclstr
 *(.stab.exclstr)

.stab.index
 *(.stab.index)

.stab.indexstr
 *(.stab.indexstr)

.comment
 *(.comment)

.debug
 *(.debug)

.line
 *(.line)

.debug_srcinfo
 *(.debug_srcinfo)

.debug_sfnames
 *(.debug_sfnames)

.debug_aranges
 *(.debug_aranges)

.debug_pubnames
 *(.debug_pubnames)

.debug_info
 *(.debug_info)
 *(.gnu.linkonce.wi.*)

.debug_abbrev
 *(.debug_abbrev)

.debug_line
 *(.debug_line)

.debug_frame
 *(.debug_frame)

.debug_str
 *(.debug_str)

.debug_loc
 *(.debug_loc)

.debug_macinfo
 *(.debug_macinfo)
OUTPUT(marcduino-slave.elf elf32-avr)
LOAD linker stubs
